c:\users\lkeka\source\repos\c++2task\c++2task\x64\debug\vc145.pdb
c:\users\lkeka\source\repos\c++2task\c++2task\x64\debug\vc145.idb
c:\users\lkeka\source\repos\c++2task\c++2task\x64\debug\warehouse.obj
c:\users\lkeka\source\repos\c++2task\c++2task\x64\debug\material.obj
c:\users\lkeka\source\repos\c++2task\c++2task\x64\debug\constructionsite.obj
c:\users\lkeka\source\repos\c++2task\c++2task\x64\debug\constructionphase.obj
c:\users\lkeka\source\repos\c++2task\c++2task\x64\debug\companyup.obj
c:\users\lkeka\source\repos\c++2task\c++2task\x64\debug\c++2task.obj
c:\users\lkeka\source\repos\c++2task\c++2task\x64\debug\strategy.obj
c:\users\lkeka\source\repos\c++2task\c++2task\x64\debug\strategy.h.ifc
c:\users\lkeka\source\repos\c++2task\c++2task\x64\debug\strategy.h.ifc.d.json
c:\users\lkeka\source\repos\c++2task\c++2task\x64\debug\strategy.h.obj
c:\users\lkeka\source\repos\c++2task\c++2task\x64\debug\companyup.h.ifc
c:\users\lkeka\source\repos\c++2task\c++2task\x64\debug\companyup.h.ifc.d.json
c:\users\lkeka\source\repos\c++2task\c++2task\x64\debug\companyup.h.obj
c:\users\lkeka\source\repos\c++2task\c++2task\x64\debug\material.h.ifc
c:\users\lkeka\source\repos\c++2task\c++2task\x64\debug\material.h.ifc.d.json
c:\users\lkeka\source\repos\c++2task\c++2task\x64\debug\material.h.obj
c:\users\lkeka\source\repos\c++2task\c++2task\x64\debug\constructionphase.h.ifc
c:\users\lkeka\source\repos\c++2task\c++2task\x64\debug\constructionphase.h.ifc.d.json
c:\users\lkeka\source\repos\c++2task\c++2task\x64\debug\constructionphase.h.obj
c:\users\lkeka\source\repos\c++2task\c++2task\x64\debug\constructionsite.h.ifc
c:\users\lkeka\source\repos\c++2task\c++2task\x64\debug\constructionsite.h.ifc.d.json
c:\users\lkeka\source\repos\c++2task\c++2task\x64\debug\constructionsite.h.obj
c:\users\lkeka\source\repos\c++2task\c++2task\x64\debug\warehouse.h.ifc
c:\users\lkeka\source\repos\c++2task\c++2task\x64\debug\warehouse.h.ifc.d.json
c:\users\lkeka\source\repos\c++2task\c++2task\x64\debug\warehouse.h.obj
c:\users\lkeka\source\repos\c++2task\c++2task\x64\debug\constructionsite.h.module.json
c:\users\lkeka\source\repos\c++2task\c++2task\x64\debug\constructionphase.h.module.json
c:\users\lkeka\source\repos\c++2task\c++2task\x64\debug\companyup.h.module.json
c:\users\lkeka\source\repos\c++2task\c++2task\x64\debug\material.h.module.json
c:\users\lkeka\source\repos\c++2task\c++2task\x64\debug\strategy.h.module.json
c:\users\lkeka\source\repos\c++2task\c++2task\x64\debug\warehouse.h.module.json
c:\users\lkeka\source\repos\c++2task\c++2task\x64\debug\c++2task.tlog\cl.command.1.tlog
c:\users\lkeka\source\repos\c++2task\c++2task\x64\debug\c++2task.tlog\cl.read.1.tlog
c:\users\lkeka\source\repos\c++2task\c++2task\x64\debug\c++2task.tlog\cl.write.1.tlog
c:\users\lkeka\source\repos\c++2task\c++2task\x64\debug\c++2task_md.tlog\cl.command.1.tlog
c:\users\lkeka\source\repos\c++2task\c++2task\x64\debug\c++2task_md.tlog\microsoft.build.cpptasks.cl.read.1.tlog
c:\users\lkeka\source\repos\c++2task\c++2task\x64\debug\c++2task_md.tlog\microsoft.build.cpptasks.cl.write.1.tlog
